// Jest Snapshot v1, https://goo.gl/fbAQLP

exports[`createContainer.dependency-graph given dependency graphing, dependencies and injected, creates Plant-UML graph 1`] = `
"@startuml
hide members
class \\"some-token-injectable\\" as someTokenInjectable<Singleton> << (S,lightGreen) >> $some-token-injectable $some-parent-injectable $some-sync-child-injectable $some-injection-token #line:darkRed
class \\"some-customizable-sync-injectable\\" as someCustomizableSyncInjectable<Singleton\\\\nsome-custom-node-info> << (S,lightGreen) >> $some-customizable-sync-injectable $some-parent-injectable $some-sync-child-injectable $some-injection-token #line:darkRed
class \\"some-injection-token\\" as someInjectionToken<Transient\\\\nToken> << (X,orange) >> $some-injection-token $some-parent-injectable $some-sync-child-injectable #line:green
class \\"some-sync-child-injectable\\" as someSyncChildInjectable<Transient> << (T,orchid) >> $some-sync-child-injectable $some-parent-injectable #line:darkRed
class \\"some-customizable-async-injectable\\" as someCustomizableAsyncInjectable<Singleton\\\\nAsync\\\\nsome-custom-node-info> << (S,lightGreen) >> $some-customizable-async-injectable $some-parent-injectable $some-async-child-injectable #line:darkRed
class \\"some-async-child-injectable\\" as someAsyncChildInjectable<Singleton\\\\nAsync> << (S,lightGreen) >> $some-async-child-injectable $some-parent-injectable #line:darkRed
class \\"some-parent-injectable\\" as someParentInjectable<Singleton\\\\nAsync> << (S,lightGreen) >> $some-parent-injectable #line:darkRed
class \\"some-keyed-injectable\\" as someKeyedInjectable<Keyed> << (K,pink) >> $some-keyed-injectable $some-parent-injectable #line:darkRed
someInjectionToken --[#black,plain,thickness=1]up* someTokenInjectable #text:black  
someInjectionToken --[#orange,plain,thickness=1]up* someCustomizableSyncInjectable #text:green  : some-custom-link-info 
someSyncChildInjectable --[#black,plain,thickness=1]up* someInjectionToken #text:black  
someParentInjectable --[#black,plain,thickness=1]up* someSyncChildInjectable #text:black  
someAsyncChildInjectable --[#orange,plain,thickness=4]up* someCustomizableAsyncInjectable #text:green  : Async\\\\nsome-custom-link-info 
someParentInjectable --[#black,plain,thickness=4]up* someAsyncChildInjectable #text:black  : Async 
someParentInjectable --[#black,plain,thickness=1]up* someKeyedInjectable #text:black  
@enduml"
`;
